Initializing GraphController...

Asking question: 'connect pokemon red to elon musk' with logging...

Testing find_connections (Option 7 logic)...
Result: {'connected': True, 'path': {'nodes': [{'name': 'Pokemon Red', 'id': 'Pokemon Red', 'labels': ['__Entity__', 'Application']}, {'name': '133921c2468c7da1838652f3f9858206', 'id': '133921c2468c7da1838652f3f9858206', 'labels': ['Document']}, {'name': 'Kylie Robison', 'id': 'Kylie Robison', 'labels': ['__Entity__', 'Researcher']}, {'name': 'The Verge', 'id': 'The Verge', 'labels': ['Organization', '__Entity__']}, {'name': 'Elon Musk', 'id': 'Elon Musk', 'labels': ['Organization', 'Concept', '__Entity__', 'Researcher']}], 'relationships': [{'type': 'MENTIONS', 'properties': {}}, {'type': 'MENTIONS', 'properties': {}}, {'type': 'AUTHORED', 'properties': {'date': '2025-03-20', 'extracted_at': '2026-02-10T11:14:30.645969', 'source_chunk_text': 'register.com/2026/01/22/anthropic_claude_constitution/) on January 23, 2026. Retrieved\nJanuary 28, 2026.\n10. "Claude\'s Constitution" (https://www.anthropic.com/constitution). Anthropic.\n11. "Claude\'s Constitution" (https://www.anthropic.com/news/claudes-constitution). Anthropic.\nMay 9, 2023. Archived (https://web.archive.org/web/20240326110757/https://www.anthropic.\ncom/news/claudes-constitution) from the original on March 26, 2024. Retrieved March 26,\n2024.\n12. Robison, Kylie (March 20, 2025). ', 'source_file': './data\\Claude_(language_model).pdf'}}, {'type': 'AUTHORED', 'properties': {'date': 'February 21, 2018', 'extracted_at': '2026-02-10T11:34:04.702196', 'source_chunk_text': 'man-others-back) from the original on December 22, 2015. Retrieved December 19, 2015.\n204. Vincent, James (February 21, 2018). "Elon Musk leaves board of AI safety group to avoid\nconflict of interest with Tesla" (https://www.theverge.com/2018/2/21/17036214/elon-musk-op\nenai-ai-safety-leaves-board). The Verge. Archived (https://web.archive.org/web/2020110901\n5711/https://www.theverge.com/2018/2/21/17036214/elon-musk-openai-ai-safety-leaves-bo\nard) from the original on November 9, 2020. Retrieved ', 'source_file': './data\\OpenAI.pdf'}}]}, 'hops': 3, 'description': 'Pokemon Red --[MENTIONS]--> Kylie Robison --[MENTIONS]--> The Verge --[AUTHORED]--> Elon Musk'}
